simple (program 1.0.0 (I 1, B #41))
scriptcredential (program 1.0.0 (Constr 0 [B #41], Constr 1 [B #82]))
isomorphism.pforgetData (program 1.0.0 (Constr 0 [Constr 0 [B #41], Constr 1 [B #82]]))
isomorphism.pbuiltinPairFromTuple (program 1.0.0 (Constr 0 [B #41], Constr 1 [B #82]))
isomorphism.ptupleFromBuiltin (program 1.0.0 (Constr 0 [Constr 0 [B #41], Constr 1 [B #82]]))