simple (program 1.0.0 (mkPairData (I 1) (bData #41)))
scriptcredential (program 1.0.0 (mkPairData (Constr 0 [B #41]) (Constr 1 [B #82])))
isomorphism.pforgetData (program
   1.0.0
   ((\i0 ->
       (\i0 ->
          constrData
            0
            (i2 (force (force fstPair) i1) (i2 (force (force sndPair) i1) [])))
         (mkPairData (Constr 0 [B #41]) (Constr 1 [B #82])))
      (force mkCons)))
isomorphism.pbuiltinPairFromTuple (program
   1.0.0
   ((\i0 ->
       (\i0 ->
          (\i0 ->
             (\i0 -> mkPairData (i3 i1) (i3 (force tailList i1)))
               (force (force sndPair) (unConstrData i1)))
            ((\i0 i0 -> constrData 0 (i4 i2 (i4 i1 [])))
               (Constr 0 [B #41])
               (Constr 1 [B #82])))
         (force headList))
      (force mkCons)))
isomorphism.ptupleFromBuiltin (program
   1.0.0
   ((\i0 ->
       (\i0 ->
          constrData
            0
            (i2 (force (force fstPair) i1) (i2 (force (force sndPair) i1) [])))
         (mkPairData (Constr 0 [B #41]) (Constr 1 [B #82])))
      (force mkCons)))